Archive member included to satisfy reference by file (symbol)

/home/bilal/Desktop/Embedded_Projects/Libraries/newstuff/libopencm3/lib/libopencm3_stm32f3.a(gpio_common_all.o)
                              ./src/main.o (gpio_set)
/home/bilal/Desktop/Embedded_Projects/Libraries/newstuff/libopencm3/lib/libopencm3_stm32f3.a(gpio_common_f0234.o)
                              ./src/main.o (gpio_mode_setup)
/home/bilal/Desktop/Embedded_Projects/Libraries/newstuff/libopencm3/lib/libopencm3_stm32f3.a(timer_common_all.o)
                              ./src/main.o (timer_reset)
/home/bilal/Desktop/Embedded_Projects/Libraries/newstuff/libopencm3/lib/libopencm3_stm32f3.a(exti_common_all.o)
                              ./src/main.o (exti_set_trigger)
/home/bilal/Desktop/Embedded_Projects/Libraries/newstuff/libopencm3/lib/libopencm3_stm32f3.a(rcc_common_all.o)
                              ./src/main.o (rcc_periph_clock_enable)
/home/bilal/Desktop/Embedded_Projects/Libraries/newstuff/libopencm3/lib/libopencm3_stm32f3.a(nvic.o)
                              ./src/main.o (nvic_enable_irq)
/usr/local/gcc-arm-none-eabi-5_4-2016q2/bin/../lib/gcc/arm-none-eabi/5.4.1/../../../../arm-none-eabi/lib/armv7e-m/fpu/libg_nano.a(lib_a-ctype_.o)
                              ./system/src/newlib/_syscalls.o (__ctype_ptr__)
/usr/local/gcc-arm-none-eabi-5_4-2016q2/bin/../lib/gcc/arm-none-eabi/5.4.1/../../../../arm-none-eabi/lib/armv7e-m/fpu/libg_nano.a(lib_a-errno.o)
                              ./system/src/newlib/_sbrk.o (__errno)
/usr/local/gcc-arm-none-eabi-5_4-2016q2/bin/../lib/gcc/arm-none-eabi/5.4.1/../../../../arm-none-eabi/lib/armv7e-m/fpu/libg_nano.a(lib_a-findfp.o)
                              ./system/src/newlib/_syscalls.o (__sinit)
/usr/local/gcc-arm-none-eabi-5_4-2016q2/bin/../lib/gcc/arm-none-eabi/5.4.1/../../../../arm-none-eabi/lib/armv7e-m/fpu/libg_nano.a(lib_a-fwalk.o)
                              /usr/local/gcc-arm-none-eabi-5_4-2016q2/bin/../lib/gcc/arm-none-eabi/5.4.1/../../../../arm-none-eabi/lib/armv7e-m/fpu/libg_nano.a(lib_a-findfp.o) (_fwalk)
/usr/local/gcc-arm-none-eabi-5_4-2016q2/bin/../lib/gcc/arm-none-eabi/5.4.1/../../../../arm-none-eabi/lib/armv7e-m/fpu/libg_nano.a(lib_a-impure.o)
                              /usr/local/gcc-arm-none-eabi-5_4-2016q2/bin/../lib/gcc/arm-none-eabi/5.4.1/../../../../arm-none-eabi/lib/armv7e-m/fpu/libg_nano.a(lib_a-findfp.o) (_global_impure_ptr)
/usr/local/gcc-arm-none-eabi-5_4-2016q2/bin/../lib/gcc/arm-none-eabi/5.4.1/../../../../arm-none-eabi/lib/armv7e-m/fpu/libg_nano.a(lib_a-memset.o)
                              ./system/src/newlib/_syscalls.o (memset)
/usr/local/gcc-arm-none-eabi-5_4-2016q2/bin/../lib/gcc/arm-none-eabi/5.4.1/../../../../arm-none-eabi/lib/armv7e-m/fpu/libg_nano.a(lib_a-nano-mallocr.o)
                              /usr/local/gcc-arm-none-eabi-5_4-2016q2/bin/../lib/gcc/arm-none-eabi/5.4.1/../../../../arm-none-eabi/lib/armv7e-m/fpu/libg_nano.a(lib_a-findfp.o) (_malloc_r)
/usr/local/gcc-arm-none-eabi-5_4-2016q2/bin/../lib/gcc/arm-none-eabi/5.4.1/../../../../arm-none-eabi/lib/armv7e-m/fpu/libg_nano.a(lib_a-sbrkr.o)
                              /usr/local/gcc-arm-none-eabi-5_4-2016q2/bin/../lib/gcc/arm-none-eabi/5.4.1/../../../../arm-none-eabi/lib/armv7e-m/fpu/libg_nano.a(lib_a-nano-mallocr.o) (_sbrk_r)
/usr/local/gcc-arm-none-eabi-5_4-2016q2/bin/../lib/gcc/arm-none-eabi/5.4.1/../../../../arm-none-eabi/lib/armv7e-m/fpu/libg_nano.a(lib_a-stdio.o)
                              /usr/local/gcc-arm-none-eabi-5_4-2016q2/bin/../lib/gcc/arm-none-eabi/5.4.1/../../../../arm-none-eabi/lib/armv7e-m/fpu/libg_nano.a(lib_a-findfp.o) (__sread)
/usr/local/gcc-arm-none-eabi-5_4-2016q2/bin/../lib/gcc/arm-none-eabi/5.4.1/../../../../arm-none-eabi/lib/armv7e-m/fpu/libg_nano.a(lib_a-strcmp.o)
                              ./system/src/cortexm/exception_handlers.o (strcmp)
/usr/local/gcc-arm-none-eabi-5_4-2016q2/bin/../lib/gcc/arm-none-eabi/5.4.1/../../../../arm-none-eabi/lib/armv7e-m/fpu/libg_nano.a(lib_a-strlen.o)
                              ./system/src/newlib/_syscalls.o (strlen)
/usr/local/gcc-arm-none-eabi-5_4-2016q2/bin/../lib/gcc/arm-none-eabi/5.4.1/../../../../arm-none-eabi/lib/armv7e-m/fpu/libg_nano.a(lib_a-strncpy.o)
                              ./system/src/newlib/_syscalls.o (strncpy)
/usr/local/gcc-arm-none-eabi-5_4-2016q2/bin/../lib/gcc/arm-none-eabi/5.4.1/../../../../arm-none-eabi/lib/armv7e-m/fpu/libg_nano.a(lib_a-vsnprintf.o)
                              ./system/src/diag/Trace.o (vsnprintf)
/usr/local/gcc-arm-none-eabi-5_4-2016q2/bin/../lib/gcc/arm-none-eabi/5.4.1/../../../../arm-none-eabi/lib/armv7e-m/fpu/libg_nano.a(lib_a-writer.o)
                              /usr/local/gcc-arm-none-eabi-5_4-2016q2/bin/../lib/gcc/arm-none-eabi/5.4.1/../../../../arm-none-eabi/lib/armv7e-m/fpu/libg_nano.a(lib_a-stdio.o) (_write_r)
[...]
Memory Configuration

Name             Origin             Length             Attributes
RAM              0x20000000         0x0000a000         xrw
CCMRAM           0x10000000         0x00002000         xrw
FLASH            0x08000000         0x00040000         xr
FLASHB1          0x00000000         0x00000000         xr
EXTMEMB0         0x00000000         0x00000000         xr
EXTMEMB1         0x00000000         0x00000000         xr
EXTMEMB2         0x00000000         0x00000000         xr
EXTMEMB3         0x00000000         0x00000000         xr
MEMORY_ARRAY     0x20002000         0x00000000         xrw
*default*        0x00000000         0xffffffff

Linker script and memory map

LOAD ./system/src/stm32f3-stdperiph/stm32f30x_gpio.o
LOAD ./system/src/stm32f3-stdperiph/stm32f30x_rcc.o
LOAD ./system/src/newlib/_cxx.o
LOAD ./system/src/newlib/_exit.o
LOAD ./system/src/newlib/_sbrk.o
LOAD ./system/src/newlib/_startup.o
LOAD ./system/src/newlib/_syscalls.o
LOAD ./system/src/newlib/assert.o
LOAD ./system/src/diag/Trace.o
LOAD ./system/src/diag/trace_impl.o
LOAD ./system/src/cortexm/_initialize_hardware.o
LOAD ./system/src/cortexm/_reset_hardware.o
LOAD ./system/src/cortexm/exception_handlers.o
LOAD ./system/src/cmsis/system_stm32f30x.o
LOAD ./system/src/cmsis/vectors_stm32f30x.o
LOAD ./src/_write.o
LOAD ./src/main.o
LOAD ./src/pwm.o
LOAD /home/bilal/Desktop/Embedded_Projects/Libraries/newstuff/libopencm3/lib/libopencm3_stm32f3.a
LOAD /usr/local/gcc-arm-none-eabi-5_4-2016q2/bin/../lib/gcc/arm-none-eabi/5.4.1/../../../../arm-none-eabi/lib/armv7e-m/fpu/libstdc++_nano.a
LOAD /usr/local/gcc-arm-none-eabi-5_4-2016q2/bin/../lib/gcc/arm-none-eabi/5.4.1/../../../../arm-none-eabi/lib/armv7e-m/fpu/libm.a
START GROUP
LOAD /usr/local/gcc-arm-none-eabi-5_4-2016q2/bin/../lib/gcc/arm-none-eabi/5.4.1/armv7e-m/fpu/libgcc.a
LOAD /usr/local/gcc-arm-none-eabi-5_4-2016q2/bin/../lib/gcc/arm-none-eabi/5.4.1/../../../../arm-none-eabi/lib/armv7e-m/fpu/libg_nano.a
LOAD /usr/local/gcc-arm-none-eabi-5_4-2016q2/bin/../lib/gcc/arm-none-eabi/5.4.1/../../../../arm-none-eabi/lib/armv7e-m/fpu/libc_nano.a
END GROUP
START GROUP
LOAD /usr/local/gcc-arm-none-eabi-5_4-2016q2/bin/../lib/gcc/arm-none-eabi/5.4.1/armv7e-m/fpu/libgcc.a
LOAD /usr/local/gcc-arm-none-eabi-5_4-2016q2/bin/../lib/gcc/arm-none-eabi/5.4.1/../../../../arm-none-eabi/lib/armv7e-m/fpu/libc_nano.a
END GROUP
                0x2000a000                __stack = (ORIGIN (RAM) + LENGTH (RAM))
                0x2000a000                _estack = __stack
                0x00000400                __Main_Stack_Size = 0x400
                [!provide]                PROVIDE (_Main_Stack_Size, __Main_Stack_Size)
                0x20009c00                __Main_Stack_Limit = (__stack - __Main_Stack_Size)
                [!provide]                PROVIDE (_Main_Stack_Limit, __Main_Stack_Limit)
                0x00000100                _Minimum_Stack_Size = 0x100
                0x20000244                PROVIDE (_Heap_Begin, _end_noinit)
                0x20009c00                PROVIDE (_Heap_Limit, (__stack - __Main_Stack_Size))

.isr_vector     0x08000000      0x3ec
 FILL mask 0xff
                0x08000000                __vectors_start = ABSOLUTE (.)
                0x08000000                __vectors_start__ = ABSOLUTE (.)
 *(.isr_vector)
 .isr_vector    0x08000000      0x188 ./system/src/cmsis/vectors_stm32f30x.o
                0x08000000                __isr_vectors
 *(.cfmconfig)
 *(.after_vectors .after_vectors.*)
 .after_vectors
                0x08000188      0x130 ./system/src/newlib/_startup.o
                0x08000188                _start
 .after_vectors
                0x080002b8      0x130 ./system/src/cortexm/exception_handlers.o
                0x080002b8                Reset_Handler
                0x080002c0                NMI_Handler
                0x080002c4                HardFault_Handler
                0x080002d8                HardFault_Handler_C
                0x08000338                MemManage_Handler
                0x0800033c                BusFault_Handler
                0x08000350                BusFault_Handler_C
                0x08000384                UsageFault_Handler
                0x08000398                UsageFault_Handler_C
                0x080003cc                SVC_Handler
                0x080003d0                DebugMon_Handler
                0x080003d4                PendSV_Handler
                0x080003d8                SysTick_Handler
 .after_vectors
                0x080003e8        0x4 ./system/src/cmsis/vectors_stm32f30x.o
                0x080003e8                RTC_Alarm_IRQHandler
                0x080003e8                TIM8_TRG_COM_IRQHandler
                0x080003e8                TIM8_CC_IRQHandler
                0x080003e8                TIM1_CC_IRQHandler
                0x080003e8                USB_HP_IRQHandler
                0x080003e8                PVD_IRQHandler
                0x080003e8                EXTI3_IRQHandler
                0x080003e8                I2C2_EV_IRQHandler
                0x080003e8                FPU_IRQHandler
                0x080003e8                EXTI2_TS_IRQHandler
                0x080003e8                TIM1_UP_TIM16_IRQHandler
                0x080003e8                ADC1_2_IRQHandler
                0x080003e8                SPI1_IRQHandler
                0x080003e8                TIM6_DAC_IRQHandler
                0x080003e8                TIM8_UP_IRQHandler
                0x080003e8                DMA2_Channel2_IRQHandler
                0x080003e8                DMA1_Channel4_IRQHandler
                0x080003e8                USART3_IRQHandler
                0x080003e8                DMA1_Channel7_IRQHandler
                0x080003e8                CAN1_RX1_IRQHandler
                0x080003e8                UART5_IRQHandler
                0x080003e8                ADC3_IRQHandler
                0x080003e8                TIM4_IRQHandler
                0x080003e8                DMA2_Channel1_IRQHandler
                0x080003e8                I2C1_EV_IRQHandler
                0x080003e8                DMA1_Channel6_IRQHandler
                0x080003e8                UART4_IRQHandler
                0x080003e8                DMA2_Channel4_IRQHandler
                0x080003e8                RCC_IRQHandler
                0x080003e8                DMA1_Channel1_IRQHandler
                0x080003e8                Default_Handler
                0x080003e8                USBWakeUp_RMP_IRQHandler
                0x080003e8                EXTI15_10_IRQHandler
                0x080003e8                TIM7_IRQHandler
                0x080003e8                EXTI9_5_IRQHandler
                0x080003e8                TAMPER_STAMP_IRQHandler
                0x080003e8                RTC_WKUP_IRQHandler
                0x080003e8                SPI2_IRQHandler
                0x080003e8                DMA2_Channel5_IRQHandler
                0x080003e8                DMA1_Channel5_IRQHandler
                0x080003e8                USB_LP_IRQHandler
                0x080003e8                EXTI4_IRQHandler
                0x080003e8                USB_LP_CAN1_RX0_IRQHandler
                0x080003e8                TIM1_TRG_COM_TIM17_IRQHandler
                0x080003e8                USB_HP_CAN1_TX_IRQHandler
                0x080003e8                DMA1_Channel3_IRQHandler
                0x080003e8                ADC4_IRQHandler
                0x080003e8                WWDG_IRQHandler
                0x080003e8                TIM2_IRQHandler
                0x080003e8                COMP7_IRQHandler
                0x080003e8                COMP1_2_3_IRQHandler
                0x080003e8                EXTI1_IRQHandler
                0x080003e8                USART2_IRQHandler
                0x080003e8                COMP4_5_6_IRQHandler
                0x080003e8                I2C2_ER_IRQHandler
                0x080003e8                DMA1_Channel2_IRQHandler
                0x080003e8                TIM8_BRK_IRQHandler
                0x080003e8                CAN1_SCE_IRQHandler
                0x080003e8                FLASH_IRQHandler
                0x080003e8                USART1_IRQHandler
                0x080003e8                SPI3_IRQHandler
                0x080003e8                I2C1_ER_IRQHandler
                0x080003e8                USBWakeUp_IRQHandler
                0x080003e8                DMA2_Channel3_IRQHandler
                0x080003e8                TIM1_BRK_TIM15_IRQHandler

.inits          0x080003ec       0x28
                0x080003ec                __data_regions_array_start = .
                0x080003ec        0x4 LONG 0x8001e54 LOADADDR (.data)
                0x080003f0        0x4 LONG 0x20000000 ADDR (.data)
                0x080003f4        0x4 LONG 0x20000084 (ADDR (.data) + SIZEOF (.data))
                0x080003f8        0x4 LONG 0x8001e54 LOADADDR (.data_CCMRAM)
                0x080003fc        0x4 LONG 0x10000000 ADDR (.data_CCMRAM)
                0x08000400        0x4 LONG 0x10000000 (ADDR (.data_CCMRAM) + SIZEOF (.data_CCMRAM))
                0x08000404                __data_regions_array_end = .
                0x08000404                __bss_regions_array_start = .
                0x08000404        0x4 LONG 0x20000084 ADDR (.bss)
                0x08000408        0x4 LONG 0x20000244 (ADDR (.bss) + SIZEOF (.bss))
                0x0800040c        0x4 LONG 0x10000000 ADDR (.bss_CCMRAM)
                0x08000410        0x4 LONG 0x10000000 (ADDR (.bss_CCMRAM) + SIZEOF (.bss_CCMRAM))
                0x08000414                __bss_regions_array_end = .
 *(.init)
 *(.fini)
                0x08000414                . = ALIGN (0x4)
                0x08000414                PROVIDE (__preinit_array_start, .)
 *(.preinit_array_sysinit .preinit_array_sysinit.*)
 *(.preinit_array_platform .preinit_array_platform.*)
 *(.preinit_array .preinit_array.*)
                0x08000414                PROVIDE (__preinit_array_end, .)
                0x08000414                . = ALIGN (0x4)
                0x08000414                PROVIDE (__init_array_start, .)
 *(SORT(.init_array.*))
 *(.init_array)
                0x08000414                PROVIDE (__init_array_end, .)
                0x08000414                . = ALIGN (0x4)
                0x08000414                PROVIDE (__fini_array_start, .)
 *(SORT(.fini_array.*))
 *(.fini_array)
                0x08000414                PROVIDE (__fini_array_end, .)

.flashtext
 *(.flashtext .flashtext.*)

.text           0x08000420     0x1a31
 *(.text .text.*)
 .text._sbrk    0x08000420       0x44 ./system/src/newlib/_sbrk.o
                0x08000420                _sbrk
 .text._exit    0x08000464       0x20 ./system/src/newlib/_syscalls.o
                0x08000464                _exit
 .text.initialise_monitor_handles
                0x08000484       0xa8 ./system/src/newlib/_syscalls.o
                0x08000484                initialise_monitor_handles
 .text.__initialize_args
                0x0800052c       0xd8 ./system/src/newlib/_syscalls.o
                0x0800052c                __initialize_args
 .text.trace_printf
                0x08000604       0x30 ./system/src/diag/Trace.o
                0x08000604                trace_printf
 .text._trace_write_semihosting_debug
                0x08000634       0x64 ./system/src/diag/trace_impl.o
 .text.trace_write
                0x08000698        0x8 ./system/src/diag/trace_impl.o
                0x08000698                trace_write
 .text.__initialize_hardware_early
                0x080006a0       0x24 ./system/src/cortexm/_initialize_hardware.o
                0x080006a0                __initialize_hardware_early
 .text.__initialize_hardware
                0x080006c4        0x8 ./system/src/cortexm/_initialize_hardware.o
                0x080006c4                __initialize_hardware
 .text.dumpExceptionStack
                0x080006cc       0xf0 ./system/src/cortexm/exception_handlers.o
                0x080006cc                dumpExceptionStack
 .text.isSemihosting
                0x080007bc      0x100 ./system/src/cortexm/exception_handlers.o
                0x080007bc                isSemihosting
 .text.SetSysClock
                0x080008bc       0xb0 ./system/src/cmsis/system_stm32f30x.o
 .text.SystemInit
                0x0800096c       0x70 ./system/src/cmsis/system_stm32f30x.o
                0x0800096c                SystemInit
 .text.SystemCoreClockUpdate
                0x080009dc       0x8c ./system/src/cmsis/system_stm32f30x.o
                0x080009dc                SystemCoreClockUpdate
 .text.clock_setup
                0x08000a68       0x44 ./src/main.o
                0x08000a68                clock_setup
 .text.gpio_setup
                0x08000aac       0x80 ./src/main.o
                0x08000aac                gpio_setup
 .text.timer_setup
                0x08000b2c      0x148 ./src/main.o
                0x08000b2c                timer_setup
 .text.exti_setup
                0x08000c74       0x1c ./src/main.o
                0x08000c74                exti_setup
 .text.EXTI0_IRQHandler
                0x08000c90       0x1c ./src/main.o
                0x08000c90                EXTI0_IRQHandler
 .text.TIM3_IRQHandler
                0x08000cac       0x7c ./src/main.o
                0x08000cac                TIM3_IRQHandler
 .text.main     0x08000d28       0x14 ./src/main.o
                0x08000d28                main
 .text.gpio_set
                0x08000d3c        0x4 /home/bilal/Desktop/Embedded_Projects/Libraries/newstuff/libopencm3/lib/libopencm3_stm32f3.a(gpio_common_all.o)
                0x08000d3c                gpio_set
 .text.gpio_mode_setup
                0x08000d40       0x44 /home/bilal/Desktop/Embedded_Projects/Libraries/newstuff/libopencm3/lib/libopencm3_stm32f3.a(gpio_common_f0234.o)
                0x08000d40                gpio_mode_setup
 .text.gpio_set_af
                0x08000d84       0x50 /home/bilal/Desktop/Embedded_Projects/Libraries/newstuff/libopencm3/lib/libopencm3_stm32f3.a(gpio_common_f0234.o)
                0x08000d84                gpio_set_af
 .text.timer_reset
                0x08000dd4       0x6c /home/bilal/Desktop/Embedded_Projects/Libraries/newstuff/libopencm3/lib/libopencm3_stm32f3.a(timer_common_all.o)
                0x08000dd4                timer_reset
 .text.timer_enable_irq
                0x08000e40        0x8 /home/bilal/Desktop/Embedded_Projects/Libraries/newstuff/libopencm3/lib/libopencm3_stm32f3.a(timer_common_all.o)
                0x08000e40                timer_enable_irq
 .text.timer_get_flag
                0x08000e48        0xc /home/bilal/Desktop/Embedded_Projects/Libraries/newstuff/libopencm3/lib/libopencm3_stm32f3.a(timer_common_all.o)
                0x08000e48                timer_get_flag
 .text.timer_clear_flag
                0x08000e54        0x6 /home/bilal/Desktop/Embedded_Projects/Libraries/newstuff/libopencm3/lib/libopencm3_stm32f3.a(timer_common_all.o)
                0x08000e54                timer_clear_flag
 .text.timer_set_mode
                0x08000e5a       0x12 /home/bilal/Desktop/Embedded_Projects/Libraries/newstuff/libopencm3/lib/libopencm3_stm32f3.a(timer_common_all.o)
                0x08000e5a                timer_set_mode
 .text.timer_continuous_mode
                0x08000e6c        0xa /home/bilal/Desktop/Embedded_Projects/Libraries/newstuff/libopencm3/lib/libopencm3_stm32f3.a(timer_common_all.o)
                0x08000e6c                timer_continuous_mode
 .text.timer_enable_counter
                0x08000e76        0xa /home/bilal/Desktop/Embedded_Projects/Libraries/newstuff/libopencm3/lib/libopencm3_stm32f3.a(timer_common_all.o)
                0x08000e76                timer_enable_counter
 .text.timer_set_prescaler
                0x08000e80        0x4 /home/bilal/Desktop/Embedded_Projects/Libraries/newstuff/libopencm3/lib/libopencm3_stm32f3.a(timer_common_all.o)
                0x08000e80                timer_set_prescaler
 .text.timer_set_period
                0x08000e84        0x4 /home/bilal/Desktop/Embedded_Projects/Libraries/newstuff/libopencm3/lib/libopencm3_stm32f3.a(timer_common_all.o)
                0x08000e84                timer_set_period
 .text.timer_set_oc_mode
                0x08000e88      0x198 /home/bilal/Desktop/Embedded_Projects/Libraries/newstuff/libopencm3/lib/libopencm3_stm32f3.a(timer_common_all.o)
                0x08000e88                timer_set_oc_mode
 .text.timer_enable_oc_output
                0x08001020       0x68 /home/bilal/Desktop/Embedded_Projects/Libraries/newstuff/libopencm3/lib/libopencm3_stm32f3.a(timer_common_all.o)
                0x08001020                timer_enable_oc_output
 .text.timer_set_oc_value
                0x08001088       0x20 /home/bilal/Desktop/Embedded_Projects/Libraries/newstuff/libopencm3/lib/libopencm3_stm32f3.a(timer_common_all.o)
                0x08001088                timer_set_oc_value
 .text.timer_enable_break_main_output
                0x080010a8       0x1c /home/bilal/Desktop/Embedded_Projects/Libraries/newstuff/libopencm3/lib/libopencm3_stm32f3.a(timer_common_all.o)
                0x080010a8                timer_enable_break_main_output
 .text.exti_set_trigger
                0x080010c4       0x3c /home/bilal/Desktop/Embedded_Projects/Libraries/newstuff/libopencm3/lib/libopencm3_stm32f3.a(exti_common_all.o)
                0x080010c4                exti_set_trigger
 .text.exti_enable_request
                0x08001100       0x14 /home/bilal/Desktop/Embedded_Projects/Libraries/newstuff/libopencm3/lib/libopencm3_stm32f3.a(exti_common_all.o)
                0x08001100                exti_enable_request
 .text.exti_reset_request
                0x08001114        0xc /home/bilal/Desktop/Embedded_Projects/Libraries/newstuff/libopencm3/lib/libopencm3_stm32f3.a(exti_common_all.o)
                0x08001114                exti_reset_request
 .text.exti_get_flag_status
                0x08001120        0xc /home/bilal/Desktop/Embedded_Projects/Libraries/newstuff/libopencm3/lib/libopencm3_stm32f3.a(exti_common_all.o)
                0x08001120                exti_get_flag_status
 .text.exti_select_source
                0x0800112c       0x80 /home/bilal/Desktop/Embedded_Projects/Libraries/newstuff/libopencm3/lib/libopencm3_stm32f3.a(exti_common_all.o)
                0x0800112c                exti_select_source
 .text.rcc_periph_clock_enable
                0x080011ac       0x1c /home/bilal/Desktop/Embedded_Projects/Libraries/newstuff/libopencm3/lib/libopencm3_stm32f3.a(rcc_common_all.o)
                0x080011ac                rcc_periph_clock_enable
 .text.rcc_periph_reset_pulse
                0x080011c8       0x24 /home/bilal/Desktop/Embedded_Projects/Libraries/newstuff/libopencm3/lib/libopencm3_stm32f3.a(rcc_common_all.o)
                0x080011c8                rcc_periph_reset_pulse
 .text.nvic_enable_irq
                0x080011ec       0x1c /home/bilal/Desktop/Embedded_Projects/Libraries/newstuff/libopencm3/lib/libopencm3_stm32f3.a(nvic.o)
                0x080011ec                nvic_enable_irq
 .text.nvic_set_priority
                0x08001208       0x20 /home/bilal/Desktop/Embedded_Projects/Libraries/newstuff/libopencm3/lib/libopencm3_stm32f3.a(nvic.o)
                0x08001208                nvic_set_priority
 .text.__errno  0x08001228        0xc /usr/local/gcc-arm-none-eabi-5_4-2016q2/bin/../lib/gcc/arm-none-eabi/5.4.1/../../../../arm-none-eabi/lib/armv7e-m/fpu/libg_nano.a(lib_a-errno.o)
                0x08001228                __errno
 .text._malloc_r
                0x08001234       0xbc /usr/local/gcc-arm-none-eabi-5_4-2016q2/bin/../lib/gcc/arm-none-eabi/5.4.1/../../../../arm-none-eabi/lib/armv7e-m/fpu/libg_nano.a(lib_a-nano-mallocr.o)
                0x08001234                _malloc_r
 .text._sbrk_r  0x080012f0       0x20 /usr/local/gcc-arm-none-eabi-5_4-2016q2/bin/../lib/gcc/arm-none-eabi/5.4.1/../../../../arm-none-eabi/lib/armv7e-m/fpu/libg_nano.a(lib_a-sbrkr.o)
                0x080012f0                _sbrk_r
 .text          0x08001310       0x14 /usr/local/gcc-arm-none-eabi-5_4-2016q2/bin/../lib/gcc/arm-none-eabi/5.4.1/../../../../arm-none-eabi/lib/armv7e-m/fpu/libg_nano.a(lib_a-strcmp.o)
                0x08001310                strcmp
 .text._vsnprintf_r
                0x08001324       0x56 /usr/local/gcc-arm-none-eabi-5_4-2016q2/bin/../lib/gcc/arm-none-eabi/5.4.1/../../../../arm-none-eabi/lib/armv7e-m/fpu/libg_nano.a(lib_a-vsnprintf.o)
                0x08001324                _vsnprintf_r
                0x08001324                _vsniprintf_r
 *fill*         0x0800137a        0x2 
 .text.vsnprintf
                0x0800137c       0x1c /usr/local/gcc-arm-none-eabi-5_4-2016q2/bin/../lib/gcc/arm-none-eabi/5.4.1/../../../../arm-none-eabi/lib/armv7e-m/fpu/libg_nano.a(lib_a-vsnprintf.o)
                0x0800137c                vsnprintf
                0x0800137c                vsniprintf
 .text.__malloc_lock
                0x08001398        0x2 /usr/local/gcc-arm-none-eabi-5_4-2016q2/bin/../lib/gcc/arm-none-eabi/5.4.1/../../../../arm-none-eabi/lib/armv7e-m/fpu/libg_nano.a(lib_a-mlock.o)
                0x08001398                __malloc_lock
 .text.__malloc_unlock
                0x0800139a        0x2 /usr/local/gcc-arm-none-eabi-5_4-2016q2/bin/../lib/gcc/arm-none-eabi/5.4.1/../../../../arm-none-eabi/lib/armv7e-m/fpu/libg_nano.a(lib_a-mlock.o)
                0x0800139a                __malloc_unlock
 .text._free_r  0x0800139c       0x9c /usr/local/gcc-arm-none-eabi-5_4-2016q2/bin/../lib/gcc/arm-none-eabi/5.4.1/../../../../arm-none-eabi/lib/armv7e-m/fpu/libg_nano.a(lib_a-nano-freer.o)
                0x0800139c                _free_r
 .text.__ssputs_r
                0x08001438       0xb2 /usr/local/gcc-arm-none-eabi-5_4-2016q2/bin/../lib/gcc/arm-none-eabi/5.4.1/../../../../arm-none-eabi/lib/armv7e-m/fpu/libg_nano.a(lib_a-nano-svfprintf.o)
                0x08001438                __ssputs_r
 *fill*         0x080014ea        0x2 
 .text._svfprintf_r
                0x080014ec      0x1e8 /usr/local/gcc-arm-none-eabi-5_4-2016q2/bin/../lib/gcc/arm-none-eabi/5.4.1/../../../../arm-none-eabi/lib/armv7e-m/fpu/libg_nano.a(lib_a-nano-svfprintf.o)
                0x080014ec                _svfprintf_r
                0x080014ec                _svfiprintf_r
 .text._printf_common
                0x080016d4       0xec /usr/local/gcc-arm-none-eabi-5_4-2016q2/bin/../lib/gcc/arm-none-eabi/5.4.1/../../../../arm-none-eabi/lib/armv7e-m/fpu/libg_nano.a(lib_a-nano-vfprintf_i.o)
                0x080016d4                _printf_common
 .text._printf_i
                0x080017c0      0x24c /usr/local/gcc-arm-none-eabi-5_4-2016q2/bin/../lib/gcc/arm-none-eabi/5.4.1/../../../../arm-none-eabi/lib/armv7e-m/fpu/libg_nano.a(lib_a-nano-vfprintf_i.o)
                0x080017c0                _printf_i
 *fill*         0x08001a0c        0x4 
 .text          0x08001a10       0xa0 /usr/local/gcc-arm-none-eabi-5_4-2016q2/bin/../lib/gcc/arm-none-eabi/5.4.1/../../../../arm-none-eabi/lib/armv7e-m/fpu/libg_nano.a(lib_a-memchr.o)
                0x08001a10                memchr
 .text.memcpy   0x08001ab0       0x16 /usr/local/gcc-arm-none-eabi-5_4-2016q2/bin/../lib/gcc/arm-none-eabi/5.4.1/../../../../arm-none-eabi/lib/armv7e-m/fpu/libg_nano.a(lib_a-memcpy-stub.o)
                0x08001ab0                memcpy
 .text.memmove  0x08001ac6       0x36 /usr/local/gcc-arm-none-eabi-5_4-2016q2/bin/../lib/gcc/arm-none-eabi/5.4.1/../../../../arm-none-eabi/lib/armv7e-m/fpu/libg_nano.a(lib_a-memmove.o)
                0x08001ac6                memmove
 .text._realloc_r
                0x08001afc       0x4c /usr/local/gcc-arm-none-eabi-5_4-2016q2/bin/../lib/gcc/arm-none-eabi/5.4.1/../../../../arm-none-eabi/lib/armv7e-m/fpu/libg_nano.a(lib_a-nano-reallocr.o)
                0x08001afc                _realloc_r
 .text._malloc_usable_size_r
                0x08001b48       0x14 /usr/local/gcc-arm-none-eabi-5_4-2016q2/bin/../lib/gcc/arm-none-eabi/5.4.1/../../../../arm-none-eabi/lib/armv7e-m/fpu/libg_nano.a(lib_a-nano-msizer.o)
                0x08001b48                _malloc_usable_size_r
 *(.rodata .rodata.* .constdata .constdata.*)
 .rodata.str1.4
                0x08001b5c        0x9 ./system/src/newlib/_syscalls.o
 *fill*         0x08001b65        0x3 
 .rodata.str1.4
                0x08001b68      0x146 ./system/src/cortexm/exception_handlers.o
                                0x14a (size before relaxing)
 *fill*         0x08001cae        0x2 
 .rodata.str1.4
                0x08001cb0        0x8 ./src/main.o
 .rodata._ctype_
                0x08001cb8      0x101 /usr/local/gcc-arm-none-eabi-5_4-2016q2/bin/../lib/gcc/arm-none-eabi/5.4.1/../../../../arm-none-eabi/lib/armv7e-m/fpu/libg_nano.a(lib_a-ctype_.o)
                0x08001cb8                _ctype_
 *fill*         0x08001db9        0x3 
 .rodata.__sf_fake_stdin
                0x08001dbc       0x20 /usr/local/gcc-arm-none-eabi-5_4-2016q2/bin/../lib/gcc/arm-none-eabi/5.4.1/../../../../arm-none-eabi/lib/armv7e-m/fpu/libg_nano.a(lib_a-findfp.o)
                0x08001dbc                __sf_fake_stdin
 .rodata.__sf_fake_stdout
                0x08001ddc       0x20 /usr/local/gcc-arm-none-eabi-5_4-2016q2/bin/../lib/gcc/arm-none-eabi/5.4.1/../../../../arm-none-eabi/lib/armv7e-m/fpu/libg_nano.a(lib_a-findfp.o)
                0x08001ddc                __sf_fake_stdout
 .rodata.__sf_fake_stderr
                0x08001dfc       0x20 /usr/local/gcc-arm-none-eabi-5_4-2016q2/bin/../lib/gcc/arm-none-eabi/5.4.1/../../../../arm-none-eabi/lib/armv7e-m/fpu/libg_nano.a(lib_a-findfp.o)
                0x08001dfc                __sf_fake_stderr
 .rodata.str1.1
                0x08001e1c        0x2 /usr/local/gcc-arm-none-eabi-5_4-2016q2/bin/../lib/gcc/arm-none-eabi/5.4.1/../../../../arm-none-eabi/lib/armv7e-m/fpu/libg_nano.a(lib_a-impure.o)
 .rodata.str1.1
                0x08001e1e       0x11 /usr/local/gcc-arm-none-eabi-5_4-2016q2/bin/../lib/gcc/arm-none-eabi/5.4.1/../../../../arm-none-eabi/lib/armv7e-m/fpu/libg_nano.a(lib_a-nano-svfprintf.o)
 .rodata.str1.1
                0x08001e2f       0x22 /usr/local/gcc-arm-none-eabi-5_4-2016q2/bin/../lib/gcc/arm-none-eabi/5.4.1/../../../../arm-none-eabi/lib/armv7e-m/fpu/libg_nano.a(lib_a-nano-vfprintf_i.o)
 *(vtable)
 *(.eh_frame*)
 *(.glue_7)
 .glue_7        0x08001e51        0x0 linker stubs
 *(.glue_7t)
 .glue_7t       0x08001e51        0x0 linker stubs

.vfp11_veneer   0x08001e54        0x0
 .vfp11_veneer  0x08001e54        0x0 linker stubs

.v4_bx          0x08001e54        0x0
 .v4_bx         0x08001e54        0x0 linker stubs

.iplt           0x08001e54        0x0
 .iplt          0x08001e54        0x0 ./system/src/stm32f3-stdperiph/stm32f30x_gpio.o

.rel.dyn        0x08001e54        0x0
 .rel.iplt      0x08001e54        0x0 ./system/src/stm32f3-stdperiph/stm32f30x_gpio.o

.ARM.extab
 *(.ARM.extab* .gnu.linkonce.armextab.*)
                0x08001e54                . = ALIGN (0x4)
                0x08001e54                __exidx_start = .

.ARM.exidx
 *(.ARM.exidx* .gnu.linkonce.armexidx.*)
                0x08001e54                __exidx_end = .
                0x08001e54                . = ALIGN (0x4)
                0x08001e54                _etext = .
                0x08001e54                __etext = .

.data_CCMRAM    0x10000000        0x0 load address 0x08001e54
 FILL mask 0xff
 *(.data.CCMRAM .data.CCMRAM.*)
                0x10000000                . = ALIGN (0x4)
                0x08001e54                _sidata = LOADADDR (.data)

.data           0x20000000       0x84 load address 0x08001e54
 FILL mask 0xff
                0x20000000                _sdata = .
                0x20000000                __data_start__ = .
 *(.data_begin .data_begin.*)
 .data_begin    0x20000000        0x4 ./system/src/newlib/_startup.o
 *(.data .data.*)
 .data.AHBPrescTable
                0x20000004       0x10 ./system/src/cmsis/system_stm32f30x.o
                0x20000004                AHBPrescTable
 .data.SystemCoreClock
                0x20000014        0x4 ./system/src/cmsis/system_stm32f30x.o
                0x20000014                SystemCoreClock
 .data.__ctype_ptr__
                0x20000018        0x4 /usr/local/gcc-arm-none-eabi-5_4-2016q2/bin/../lib/gcc/arm-none-eabi/5.4.1/../../../../arm-none-eabi/lib/armv7e-m/fpu/libg_nano.a(lib_a-ctype_.o)
                0x20000018                __ctype_ptr__
 .data.impure_data
                0x2000001c       0x60 /usr/local/gcc-arm-none-eabi-5_4-2016q2/bin/../lib/gcc/arm-none-eabi/5.4.1/../../../../arm-none-eabi/lib/armv7e-m/fpu/libg_nano.a(lib_a-impure.o)
 .data._impure_ptr
                0x2000007c        0x4 /usr/local/gcc-arm-none-eabi-5_4-2016q2/bin/../lib/gcc/arm-none-eabi/5.4.1/../../../../arm-none-eabi/lib/armv7e-m/fpu/libg_nano.a(lib_a-impure.o)
                0x2000007c                _impure_ptr
 *(.data_end .data_end.*)
 .data_end      0x20000080        0x4 ./system/src/newlib/_startup.o
                0x20000084                . = ALIGN (0x4)
                0x20000084                _edata = .
                0x20000084                __data_end__ = .

.igot.plt       0x20000084        0x0 load address 0x08001ed8
 .igot.plt      0x20000084        0x0 ./system/src/stm32f3-stdperiph/stm32f30x_gpio.o

.bss_CCMRAM     0x10000000        0x0
 *(.bss.CCMRAM .bss.CCMRAM.*)

.bss            0x20000084      0x1c0
                0x20000084                __bss_start__ = .
                0x20000084                _sbss = .
 *(.bss_begin .bss_begin.*)
 .bss_begin     0x20000084        0x4 ./system/src/newlib/_startup.o
 *(.bss .bss.*)
 .bss.current_heap_end.4455
                0x20000088        0x4 ./system/src/newlib/_sbrk.o
 .bss.monitor_stdout
                0x2000008c        0x4 ./system/src/newlib/_syscalls.o
 .bss.monitor_stdin
                0x20000090        0x4 ./system/src/newlib/_syscalls.o
 .bss.argv_buf.6238
                0x20000094       0x28 ./system/src/newlib/_syscalls.o
 .bss.monitor_stderr
                0x200000bc        0x4 ./system/src/newlib/_syscalls.o
 .bss.args_buf.6237
                0x200000c0       0x50 ./system/src/newlib/_syscalls.o
 .bss.openfiles
                0x20000110       0xa0 ./system/src/newlib/_syscalls.o
 .bss.buf.5647  0x200001b0       0x80 ./system/src/diag/Trace.o
 .bss.state     0x20000230        0x1 ./src/main.o
                0x20000230                state
 *fill*         0x20000231        0x3 
 .bss.__malloc_sbrk_start
                0x20000234        0x4 /usr/local/gcc-arm-none-eabi-5_4-2016q2/bin/../lib/gcc/arm-none-eabi/5.4.1/../../../../arm-none-eabi/lib/armv7e-m/fpu/libg_nano.a(lib_a-nano-mallocr.o)
                0x20000234                __malloc_sbrk_start
 .bss.__malloc_free_list
                0x20000238        0x4 /usr/local/gcc-arm-none-eabi-5_4-2016q2/bin/../lib/gcc/arm-none-eabi/5.4.1/../../../../arm-none-eabi/lib/armv7e-m/fpu/libg_nano.a(lib_a-nano-mallocr.o)
                0x20000238                __malloc_free_list
 *(COMMON)
 COMMON         0x2000023c        0x4 ./system/src/newlib/_syscalls.o
                0x2000023c                errno
 *(.bss_end .bss_end.*)
 .bss_end       0x20000240        0x4 ./system/src/newlib/_startup.o
                0x20000244                . = ALIGN (0x4)
                0x20000244                __bss_end__ = .
                0x20000244                _ebss = .

.noinit_CCMRAM
 *(.noinit.CCMRAM .noinit.CCMRAM.*)

.noinit         0x20000244        0x0
                0x20000244                _noinit = .
 *(.noinit .noinit.*)
                0x20000244                . = ALIGN (0x4)
                0x20000244                _end_noinit = .
                [!provide]                PROVIDE (end, _end_noinit)
                [!provide]                PROVIDE (_end, _end_noinit)
                [!provide]                PROVIDE (__end, _end_noinit)
                [!provide]                PROVIDE (__end__, _end_noinit)

._check_stack   0x20000244      0x100
                0x20000344                . = (. + _Minimum_Stack_Size)
 *fill*         0x20000244      0x100 

.b1text
 *(.b1text)
 *(.b1rodata)
 *(.b1rodata.*)

.eb0text
 *(.eb0text)
 *(.eb0rodata)
 *(.eb0rodata.*)

.eb1text
 *(.eb1text)
 *(.eb1rodata)
 *(.eb1rodata.*)

.eb2text
 *(.eb2text)
 *(.eb2rodata)
 *(.eb2rodata.*)

.eb3text
 *(.eb3text)
 *(.eb3rodata)
 *(.eb3rodata.*)

.stab
 *(.stab)

.stabstr
 *(.stabstr)

.stab.excl
 *(.stab.excl)

.stab.exclstr
 *(.stab.exclstr)

.stab.index
 *(.stab.index)

.stab.indexstr
 *(.stab.indexstr)

.comment        0x00000000       0x8d
 *(.comment)
 .comment       0x00000000       0x6e ./system/src/newlib/_sbrk.o
                                 0x6f (size before relaxing)
 .comment       0x0000006e       0x6f ./system/src/newlib/_startup.o
 .comment       0x0000006e       0x6f ./system/src/newlib/_syscalls.o
 .comment       0x0000006e       0x6f ./system/src/diag/Trace.o
 .comment       0x0000006e       0x6f ./system/src/diag/trace_impl.o
 .comment       0x0000006e       0x6f ./system/src/cortexm/_initialize_hardware.o
 .comment       0x0000006e       0x6f ./system/src/cortexm/exception_handlers.o
 .comment       0x0000006e       0x6f ./system/src/cmsis/system_stm32f30x.o
 .comment       0x0000006e       0x6f ./system/src/cmsis/vectors_stm32f30x.o
 .comment       0x0000006e       0x6f ./src/main.o
 .comment       0x0000006e       0x1f /home/bilal/Desktop/Embedded_Projects/Libraries/newstuff/libopencm3/lib/libopencm3_stm32f3.a(gpio_common_all.o)
                                 0x20 (size before relaxing)
 .comment       0x0000008d       0x20 /home/bilal/Desktop/Embedded_Projects/Libraries/newstuff/libopencm3/lib/libopencm3_stm32f3.a(gpio_common_f0234.o)
 .comment       0x0000008d       0x20 /home/bilal/Desktop/Embedded_Projects/Libraries/newstuff/libopencm3/lib/libopencm3_stm32f3.a(timer_common_all.o)
 .comment       0x0000008d       0x20 /home/bilal/Desktop/Embedded_Projects/Libraries/newstuff/libopencm3/lib/libopencm3_stm32f3.a(exti_common_all.o)
 .comment       0x0000008d       0x20 /home/bilal/Desktop/Embedded_Projects/Libraries/newstuff/libopencm3/lib/libopencm3_stm32f3.a(rcc_common_all.o)
 .comment       0x0000008d       0x20 /home/bilal/Desktop/Embedded_Projects/Libraries/newstuff/libopencm3/lib/libopencm3_stm32f3.a(nvic.o)

.ARM.attributes
                0x00000000       0x35
 .ARM.attributes
                0x00000000       0x39 ./system/src/newlib/_sbrk.o
 .ARM.attributes
                0x00000039       0x39 ./system/src/newlib/_startup.o
 .ARM.attributes
                0x00000072       0x39 ./system/src/newlib/_syscalls.o
 .ARM.attributes
                0x000000ab       0x39 ./system/src/diag/Trace.o
 .ARM.attributes
                0x000000e4       0x39 ./system/src/diag/trace_impl.o
 .ARM.attributes
                0x0000011d       0x39 ./system/src/cortexm/_initialize_hardware.o
 .ARM.attributes
                0x00000156       0x39 ./system/src/cortexm/exception_handlers.o
 .ARM.attributes
                0x0000018f       0x39 ./system/src/cmsis/system_stm32f30x.o
 .ARM.attributes
                0x000001c8       0x39 ./system/src/cmsis/vectors_stm32f30x.o
 .ARM.attributes
                0x00000201       0x39 ./src/main.o
 .ARM.attributes
                0x0000023a       0x39 /home/bilal/Desktop/Embedded_Projects/Libraries/newstuff/libopencm3/lib/libopencm3_stm32f3.a(gpio_common_all.o)
 .ARM.attributes
                0x00000273       0x39 /home/bilal/Desktop/Embedded_Projects/Libraries/newstuff/libopencm3/lib/libopencm3_stm32f3.a(gpio_common_f0234.o)
 .ARM.attributes
                0x000002ac       0x39 /home/bilal/Desktop/Embedded_Projects/Libraries/newstuff/libopencm3/lib/libopencm3_stm32f3.a(timer_common_all.o)
 .ARM.attributes
                0x000002e5       0x39 /home/bilal/Desktop/Embedded_Projects/Libraries/newstuff/libopencm3/lib/libopencm3_stm32f3.a(exti_common_all.o)
 .ARM.attributes
                0x0000031e       0x39 /home/bilal/Desktop/Embedded_Projects/Libraries/newstuff/libopencm3/lib/libopencm3_stm32f3.a(rcc_common_all.o)
 .ARM.attributes
                0x00000357       0x39 /home/bilal/Desktop/Embedded_Projects/Libraries/newstuff/libopencm3/lib/libopencm3_stm32f3.a(nvic.o)
 .ARM.attributes
                0x00000390       0x34 /usr/local/gcc-arm-none-eabi-5_4-2016q2/bin/../lib/gcc/arm-none-eabi/5.4.1/../../../../arm-none-eabi/lib/armv7e-m/fpu/libg_nano.a(lib_a-ctype_.o)
 .ARM.attributes
                0x000003c4       0x34 /usr/local/gcc-arm-none-eabi-5_4-2016q2/bin/../lib/gcc/arm-none-eabi/5.4.1/../../../../arm-none-eabi/lib/armv7e-m/fpu/libg_nano.a(lib_a-errno.o)
 .ARM.attributes
                0x000003f8       0x34 /usr/local/gcc-arm-none-eabi-5_4-2016q2/bin/../lib/gcc/arm-none-eabi/5.4.1/../../../../arm-none-eabi/lib/armv7e-m/fpu/libg_nano.a(lib_a-findfp.o)
 .ARM.attributes
                0x0000042c       0x34 /usr/local/gcc-arm-none-eabi-5_4-2016q2/bin/../lib/gcc/arm-none-eabi/5.4.1/../../../../arm-none-eabi/lib/armv7e-m/fpu/libg_nano.a(lib_a-impure.o)
 .ARM.attributes
                0x00000460       0x34 /usr/local/gcc-arm-none-eabi-5_4-2016q2/bin/../lib/gcc/arm-none-eabi/5.4.1/../../../../arm-none-eabi/lib/armv7e-m/fpu/libg_nano.a(lib_a-nano-mallocr.o)
 .ARM.attributes
                0x00000494       0x34 /usr/local/gcc-arm-none-eabi-5_4-2016q2/bin/../lib/gcc/arm-none-eabi/5.4.1/../../../../arm-none-eabi/lib/armv7e-m/fpu/libg_nano.a(lib_a-sbrkr.o)
 .ARM.attributes
                0x000004c8       0x20 /usr/local/gcc-arm-none-eabi-5_4-2016q2/bin/../lib/gcc/arm-none-eabi/5.4.1/../../../../arm-none-eabi/lib/armv7e-m/fpu/libg_nano.a(lib_a-strcmp.o)
 .ARM.attributes
                0x000004e8       0x34 /usr/local/gcc-arm-none-eabi-5_4-2016q2/bin/../lib/gcc/arm-none-eabi/5.4.1/../../../../arm-none-eabi/lib/armv7e-m/fpu/libg_nano.a(lib_a-vsnprintf.o)
 .ARM.attributes
                0x0000051c       0x34 /usr/local/gcc-arm-none-eabi-5_4-2016q2/bin/../lib/gcc/arm-none-eabi/5.4.1/../../../../arm-none-eabi/lib/armv7e-m/fpu/libg_nano.a(lib_a-mlock.o)
 .ARM.attributes
                0x00000550       0x34 /usr/local/gcc-arm-none-eabi-5_4-2016q2/bin/../lib/gcc/arm-none-eabi/5.4.1/../../../../arm-none-eabi/lib/armv7e-m/fpu/libg_nano.a(lib_a-nano-freer.o)
 .ARM.attributes
                0x00000584       0x34 /usr/local/gcc-arm-none-eabi-5_4-2016q2/bin/../lib/gcc/arm-none-eabi/5.4.1/../../../../arm-none-eabi/lib/armv7e-m/fpu/libg_nano.a(lib_a-nano-svfprintf.o)
 .ARM.attributes
                0x000005b8       0x34 /usr/local/gcc-arm-none-eabi-5_4-2016q2/bin/../lib/gcc/arm-none-eabi/5.4.1/../../../../arm-none-eabi/lib/armv7e-m/fpu/libg_nano.a(lib_a-nano-vfprintf_i.o)
 .ARM.attributes
                0x000005ec       0x20 /usr/local/gcc-arm-none-eabi-5_4-2016q2/bin/../lib/gcc/arm-none-eabi/5.4.1/../../../../arm-none-eabi/lib/armv7e-m/fpu/libg_nano.a(lib_a-memchr.o)
 .ARM.attributes
                0x0000060c       0x34 /usr/local/gcc-arm-none-eabi-5_4-2016q2/bin/../lib/gcc/arm-none-eabi/5.4.1/../../../../arm-none-eabi/lib/armv7e-m/fpu/libg_nano.a(lib_a-memcpy-stub.o)
 .ARM.attributes
                0x00000640       0x34 /usr/local/gcc-arm-none-eabi-5_4-2016q2/bin/../lib/gcc/arm-none-eabi/5.4.1/../../../../arm-none-eabi/lib/armv7e-m/fpu/libg_nano.a(lib_a-memmove.o)
 .ARM.attributes
                0x00000674       0x34 /usr/local/gcc-arm-none-eabi-5_4-2016q2/bin/../lib/gcc/arm-none-eabi/5.4.1/../../../../arm-none-eabi/lib/armv7e-m/fpu/libg_nano.a(lib_a-nano-reallocr.o)
 .ARM.attributes
                0x000006a8       0x34 /usr/local/gcc-arm-none-eabi-5_4-2016q2/bin/../lib/gcc/arm-none-eabi/5.4.1/../../../../arm-none-eabi/lib/armv7e-m/fpu/libg_nano.a(lib_a-nano-msizer.o)

.debug
 *(.debug)

.line
 *(.line)

.debug_srcinfo
 *(.debug_srcinfo)

.debug_sfnames
 *(.debug_sfnames)

.debug_aranges  0x00000000      0x748
 *(.debug_aranges)
 .debug_aranges
                0x00000000       0x20 ./system/src/newlib/_sbrk.o
 .debug_aranges
                0x00000020       0x40 ./system/src/newlib/_startup.o
 .debug_aranges
                0x00000060      0x120 ./system/src/newlib/_syscalls.o
 .debug_aranges
                0x00000180       0x38 ./system/src/diag/Trace.o
 .debug_aranges
                0x000001b8       0x30 ./system/src/diag/trace_impl.o
 .debug_aranges
                0x000001e8       0x28 ./system/src/cortexm/_initialize_hardware.o
 .debug_aranges
                0x00000210       0x90 ./system/src/cortexm/exception_handlers.o
 .debug_aranges
                0x000002a0       0x30 ./system/src/cmsis/system_stm32f30x.o
 .debug_aranges
                0x000002d0       0x20 ./system/src/cmsis/vectors_stm32f30x.o
 .debug_aranges
                0x000002f0       0x50 ./src/main.o
 .debug_aranges
                0x00000340       0x50 /home/bilal/Desktop/Embedded_Projects/Libraries/newstuff/libopencm3/lib/libopencm3_stm32f3.a(gpio_common_all.o)
 .debug_aranges
                0x00000390       0x30 /home/bilal/Desktop/Embedded_Projects/Libraries/newstuff/libopencm3/lib/libopencm3_stm32f3.a(gpio_common_f0234.o)
 .debug_aranges
                0x000003c0      0x278 /home/bilal/Desktop/Embedded_Projects/Libraries/newstuff/libopencm3/lib/libopencm3_stm32f3.a(timer_common_all.o)
 .debug_aranges
                0x00000638       0x48 /home/bilal/Desktop/Embedded_Projects/Libraries/newstuff/libopencm3/lib/libopencm3_stm32f3.a(exti_common_all.o)
 .debug_aranges
                0x00000680       0x68 /home/bilal/Desktop/Embedded_Projects/Libraries/newstuff/libopencm3/lib/libopencm3_stm32f3.a(rcc_common_all.o)
 .debug_aranges
                0x000006e8       0x60 /home/bilal/Desktop/Embedded_Projects/Libraries/newstuff/libopencm3/lib/libopencm3_stm32f3.a(nvic.o)

.debug_pubnames
 *(.debug_pubnames)

.debug_info     0x00000000     0x6871
 *(.debug_info .gnu.linkonce.wi.*)
 .debug_info    0x00000000      0x11f ./system/src/newlib/_sbrk.o
 .debug_info    0x0000011f      0x4fa ./system/src/newlib/_startup.o
 .debug_info    0x00000619     0x1f2a ./system/src/newlib/_syscalls.o
 .debug_info    0x00002543      0x2e6 ./system/src/diag/Trace.o
 .debug_info    0x00002829      0x315 ./system/src/diag/trace_impl.o
 .debug_info    0x00002b3e      0x2d2 ./system/src/cortexm/_initialize_hardware.o
 .debug_info    0x00002e10      0x9be ./system/src/cortexm/exception_handlers.o
 .debug_info    0x000037ce      0x4d5 ./system/src/cmsis/system_stm32f30x.o
 .debug_info    0x00003ca3       0xd1 ./system/src/cmsis/vectors_stm32f30x.o
 .debug_info    0x00003d74      0xbc6 ./src/main.o
 .debug_info    0x0000493a      0x22c /home/bilal/Desktop/Embedded_Projects/Libraries/newstuff/libopencm3/lib/libopencm3_stm32f3.a(gpio_common_all.o)
 .debug_info    0x00004b66      0x1eb /home/bilal/Desktop/Embedded_Projects/Libraries/newstuff/libopencm3/lib/libopencm3_stm32f3.a(gpio_common_f0234.o)
 .debug_info    0x00004d51     0x11a4 /home/bilal/Desktop/Embedded_Projects/Libraries/newstuff/libopencm3/lib/libopencm3_stm32f3.a(timer_common_all.o)
 .debug_info    0x00005ef5      0x204 /home/bilal/Desktop/Embedded_Projects/Libraries/newstuff/libopencm3/lib/libopencm3_stm32f3.a(exti_common_all.o)
 .debug_info    0x000060f9      0x564 /home/bilal/Desktop/Embedded_Projects/Libraries/newstuff/libopencm3/lib/libopencm3_stm32f3.a(rcc_common_all.o)
 .debug_info    0x0000665d      0x214 /home/bilal/Desktop/Embedded_Projects/Libraries/newstuff/libopencm3/lib/libopencm3_stm32f3.a(nvic.o)

.debug_abbrev   0x00000000     0x15a4
 *(.debug_abbrev)
 .debug_abbrev  0x00000000       0xb9 ./system/src/newlib/_sbrk.o
 .debug_abbrev  0x000000b9      0x1d4 ./system/src/newlib/_startup.o
 .debug_abbrev  0x0000028d      0x41e ./system/src/newlib/_syscalls.o
 .debug_abbrev  0x000006ab      0x145 ./system/src/diag/Trace.o
 .debug_abbrev  0x000007f0      0x1c8 ./system/src/diag/trace_impl.o
 .debug_abbrev  0x000009b8       0xea ./system/src/cortexm/_initialize_hardware.o
 .debug_abbrev  0x00000aa2      0x286 ./system/src/cortexm/exception_handlers.o
 .debug_abbrev  0x00000d28      0x13f ./system/src/cmsis/system_stm32f30x.o
 .debug_abbrev  0x00000e67       0x9d ./system/src/cmsis/vectors_stm32f30x.o
 .debug_abbrev  0x00000f04      0x133 ./src/main.o
 .debug_abbrev  0x00001037      0x10e /home/bilal/Desktop/Embedded_Projects/Libraries/newstuff/libopencm3/lib/libopencm3_stm32f3.a(gpio_common_all.o)
 .debug_abbrev  0x00001145       0xb7 /home/bilal/Desktop/Embedded_Projects/Libraries/newstuff/libopencm3/lib/libopencm3_stm32f3.a(gpio_common_f0234.o)
 .debug_abbrev  0x000011fc      0x15c /home/bilal/Desktop/Embedded_Projects/Libraries/newstuff/libopencm3/lib/libopencm3_stm32f3.a(timer_common_all.o)
 .debug_abbrev  0x00001358       0xe5 /home/bilal/Desktop/Embedded_Projects/Libraries/newstuff/libopencm3/lib/libopencm3_stm32f3.a(exti_common_all.o)
 .debug_abbrev  0x0000143d       0xc1 /home/bilal/Desktop/Embedded_Projects/Libraries/newstuff/libopencm3/lib/libopencm3_stm32f3.a(rcc_common_all.o)
 .debug_abbrev  0x000014fe       0xa6 /home/bilal/Desktop/Embedded_Projects/Libraries/newstuff/libopencm3/lib/libopencm3_stm32f3.a(nvic.o)

.debug_line     0x00000000     0x461a
 *(.debug_line)
 .debug_line    0x00000000      0x2aa ./system/src/newlib/_sbrk.o
 .debug_line    0x000002aa      0x37b ./system/src/newlib/_startup.o
 .debug_line    0x00000625      0x83f ./system/src/newlib/_syscalls.o
 .debug_line    0x00000e64      0x357 ./system/src/diag/Trace.o
 .debug_line    0x000011bb      0x5f3 ./system/src/diag/trace_impl.o
 .debug_line    0x000017ae      0x484 ./system/src/cortexm/_initialize_hardware.o
 .debug_line    0x00001c32      0x6d0 ./system/src/cortexm/exception_handlers.o
 .debug_line    0x00002302      0x4c2 ./system/src/cmsis/system_stm32f30x.o
 .debug_line    0x000027c4      0x205 ./system/src/cmsis/vectors_stm32f30x.o
 .debug_line    0x000029c9      0x6df ./src/main.o
 .debug_line    0x000030a8      0x27c /home/bilal/Desktop/Embedded_Projects/Libraries/newstuff/libopencm3/lib/libopencm3_stm32f3.a(gpio_common_all.o)
 .debug_line    0x00003324      0x25a /home/bilal/Desktop/Embedded_Projects/Libraries/newstuff/libopencm3/lib/libopencm3_stm32f3.a(gpio_common_f0234.o)
 .debug_line    0x0000357e      0x8fb /home/bilal/Desktop/Embedded_Projects/Libraries/newstuff/libopencm3/lib/libopencm3_stm32f3.a(timer_common_all.o)
 .debug_line    0x00003e79      0x2e3 /home/bilal/Desktop/Embedded_Projects/Libraries/newstuff/libopencm3/lib/libopencm3_stm32f3.a(exti_common_all.o)
 .debug_line    0x0000415c      0x28b /home/bilal/Desktop/Embedded_Projects/Libraries/newstuff/libopencm3/lib/libopencm3_stm32f3.a(rcc_common_all.o)
 .debug_line    0x000043e7      0x233 /home/bilal/Desktop/Embedded_Projects/Libraries/newstuff/libopencm3/lib/libopencm3_stm32f3.a(nvic.o)

.debug_frame    0x00000000     0x13d0
 *(.debug_frame)
 .debug_frame   0x00000000       0x28 ./system/src/newlib/_sbrk.o
 .debug_frame   0x00000028       0x7c ./system/src/newlib/_startup.o
 .debug_frame   0x000000a4      0x3d0 ./system/src/newlib/_syscalls.o
 .debug_frame   0x00000474       0x94 ./system/src/diag/Trace.o
 .debug_frame   0x00000508       0x60 ./system/src/diag/trace_impl.o
 .debug_frame   0x00000568       0x40 ./system/src/cortexm/_initialize_hardware.o
 .debug_frame   0x000005a8      0x164 ./system/src/cortexm/exception_handlers.o
 .debug_frame   0x0000070c       0x50 ./system/src/cmsis/system_stm32f30x.o
 .debug_frame   0x0000075c       0x20 ./system/src/cmsis/vectors_stm32f30x.o
 .debug_frame   0x0000077c       0xc0 ./src/main.o
 .debug_frame   0x0000083c       0x80 /home/bilal/Desktop/Embedded_Projects/Libraries/newstuff/libopencm3/lib/libopencm3_stm32f3.a(gpio_common_all.o)
 .debug_frame   0x000008bc       0x6c /home/bilal/Desktop/Embedded_Projects/Libraries/newstuff/libopencm3/lib/libopencm3_stm32f3.a(gpio_common_f0234.o)
 .debug_frame   0x00000928      0x4d8 /home/bilal/Desktop/Embedded_Projects/Libraries/newstuff/libopencm3/lib/libopencm3_stm32f3.a(timer_common_all.o)
 .debug_frame   0x00000e00       0x80 /home/bilal/Desktop/Embedded_Projects/Libraries/newstuff/libopencm3/lib/libopencm3_stm32f3.a(exti_common_all.o)
 .debug_frame   0x00000e80       0xb0 /home/bilal/Desktop/Embedded_Projects/Libraries/newstuff/libopencm3/lib/libopencm3_stm32f3.a(rcc_common_all.o)
 .debug_frame   0x00000f30       0xa0 /home/bilal/Desktop/Embedded_Projects/Libraries/newstuff/libopencm3/lib/libopencm3_stm32f3.a(nvic.o)
 .debug_frame   0x00000fd0       0x20 /usr/local/gcc-arm-none-eabi-5_4-2016q2/bin/../lib/gcc/arm-none-eabi/5.4.1/../../../../arm-none-eabi/lib/armv7e-m/fpu/libg_nano.a(lib_a-errno.o)
 .debug_frame   0x00000ff0      0x11c /usr/local/gcc-arm-none-eabi-5_4-2016q2/bin/../lib/gcc/arm-none-eabi/5.4.1/../../../../arm-none-eabi/lib/armv7e-m/fpu/libg_nano.a(lib_a-findfp.o)
 .debug_frame   0x0000110c       0x2c /usr/local/gcc-arm-none-eabi-5_4-2016q2/bin/../lib/gcc/arm-none-eabi/5.4.1/../../../../arm-none-eabi/lib/armv7e-m/fpu/libg_nano.a(lib_a-nano-mallocr.o)
 .debug_frame   0x00001138       0x2c /usr/local/gcc-arm-none-eabi-5_4-2016q2/bin/../lib/gcc/arm-none-eabi/5.4.1/../../../../arm-none-eabi/lib/armv7e-m/fpu/libg_nano.a(lib_a-sbrkr.o)
 .debug_frame   0x00001164       0x20 /usr/local/gcc-arm-none-eabi-5_4-2016q2/bin/../lib/gcc/arm-none-eabi/5.4.1/../../../../arm-none-eabi/lib/armv7e-m/fpu/libg_nano.a(lib_a-strcmp.o)
 .debug_frame   0x00001184       0x48 /usr/local/gcc-arm-none-eabi-5_4-2016q2/bin/../lib/gcc/arm-none-eabi/5.4.1/../../../../arm-none-eabi/lib/armv7e-m/fpu/libg_nano.a(lib_a-vsnprintf.o)
 .debug_frame   0x000011cc       0x30 /usr/local/gcc-arm-none-eabi-5_4-2016q2/bin/../lib/gcc/arm-none-eabi/5.4.1/../../../../arm-none-eabi/lib/armv7e-m/fpu/libg_nano.a(lib_a-mlock.o)
 .debug_frame   0x000011fc       0x38 /usr/local/gcc-arm-none-eabi-5_4-2016q2/bin/../lib/gcc/arm-none-eabi/5.4.1/../../../../arm-none-eabi/lib/armv7e-m/fpu/libg_nano.a(lib_a-nano-freer.o)
 .debug_frame   0x00001234       0x90 /usr/local/gcc-arm-none-eabi-5_4-2016q2/bin/../lib/gcc/arm-none-eabi/5.4.1/../../../../arm-none-eabi/lib/armv7e-m/fpu/libg_nano.a(lib_a-nano-svfprintf.o)
 .debug_frame   0x000012c4       0x60 /usr/local/gcc-arm-none-eabi-5_4-2016q2/bin/../lib/gcc/arm-none-eabi/5.4.1/../../../../arm-none-eabi/lib/armv7e-m/fpu/libg_nano.a(lib_a-nano-vfprintf_i.o)
 .debug_frame   0x00001324       0x28 /usr/local/gcc-arm-none-eabi-5_4-2016q2/bin/../lib/gcc/arm-none-eabi/5.4.1/../../../../arm-none-eabi/lib/armv7e-m/fpu/libg_nano.a(lib_a-memcpy-stub.o)
 .debug_frame   0x0000134c       0x28 /usr/local/gcc-arm-none-eabi-5_4-2016q2/bin/../lib/gcc/arm-none-eabi/5.4.1/../../../../arm-none-eabi/lib/armv7e-m/fpu/libg_nano.a(lib_a-memmove.o)
 .debug_frame   0x00001374       0x3c /usr/local/gcc-arm-none-eabi-5_4-2016q2/bin/../lib/gcc/arm-none-eabi/5.4.1/../../../../arm-none-eabi/lib/armv7e-m/fpu/libg_nano.a(lib_a-nano-reallocr.o)
 .debug_frame   0x000013b0       0x20 /usr/local/gcc-arm-none-eabi-5_4-2016q2/bin/../lib/gcc/arm-none-eabi/5.4.1/../../../../arm-none-eabi/lib/armv7e-m/fpu/libg_nano.a(lib_a-nano-msizer.o)

.debug_str      0x00000000    0x66251
 *(.debug_str)
 .debug_str     0x00000000     0x61bc ./system/src/newlib/_sbrk.o
                               0x632e (size before relaxing)
 .debug_str     0x000061bc      0xc42 ./system/src/newlib/_startup.o
                               0x5eee (size before relaxing)
 .debug_str     0x00006dfe     0x351b ./system/src/newlib/_syscalls.o
                               0xa328 (size before relaxing)
 .debug_str     0x0000a319      0x18f ./system/src/diag/Trace.o
                               0x7723 (size before relaxing)
 .debug_str     0x0000a4a8    0x504af ./system/src/diag/trace_impl.o
                              0x57378 (size before relaxing)
 .debug_str     0x0005a957       0xc6 ./system/src/cortexm/_initialize_hardware.o
                              0x53992 (size before relaxing)
 .debug_str     0x0005aa1d      0x204 ./system/src/cortexm/exception_handlers.o
                              0x581c2 (size before relaxing)
 .debug_str     0x0005ac21      0x11b ./system/src/cmsis/system_stm32f30x.o
                              0x53a3e (size before relaxing)
 .debug_str     0x0005ad3c       0x57 ./system/src/cmsis/vectors_stm32f30x.o
                               0x34ed (size before relaxing)
 .debug_str     0x0005ad93     0x914b ./src/main.o
                              0x110ae (size before relaxing)
 .debug_str     0x00063ede      0xa93 /home/bilal/Desktop/Embedded_Projects/Libraries/newstuff/libopencm3/lib/libopencm3_stm32f3.a(gpio_common_all.o)
                               0x4c36 (size before relaxing)
 .debug_str     0x00064971       0x79 /home/bilal/Desktop/Embedded_Projects/Libraries/newstuff/libopencm3/lib/libopencm3_stm32f3.a(gpio_common_f0234.o)
                               0x4c58 (size before relaxing)
 .debug_str     0x000649ea      0xbb0 /home/bilal/Desktop/Embedded_Projects/Libraries/newstuff/libopencm3/lib/libopencm3_stm32f3.a(timer_common_all.o)
                               0xac14 (size before relaxing)
 .debug_str     0x0006559a      0x1ae /home/bilal/Desktop/Embedded_Projects/Libraries/newstuff/libopencm3/lib/libopencm3_stm32f3.a(exti_common_all.o)
                               0x524a (size before relaxing)
 .debug_str     0x00065748      0x13b /home/bilal/Desktop/Embedded_Projects/Libraries/newstuff/libopencm3/lib/libopencm3_stm32f3.a(rcc_common_all.o)
                               0x622a (size before relaxing)
 .debug_str     0x00065883      0x9ce /home/bilal/Desktop/Embedded_Projects/Libraries/newstuff/libopencm3/lib/libopencm3_stm32f3.a(nvic.o)
                               0x4798 (size before relaxing)

.debug_loc      0x00000000     0x263d
 *(.debug_loc)
 .debug_loc     0x00000000       0x82 ./system/src/newlib/_sbrk.o
 .debug_loc     0x00000082      0x36e ./system/src/newlib/_startup.o
 .debug_loc     0x000003f0      0xf8a ./system/src/newlib/_syscalls.o
 .debug_loc     0x0000137a      0x102 ./system/src/diag/Trace.o
 .debug_loc     0x0000147c      0x17c ./system/src/diag/trace_impl.o
 .debug_loc     0x000015f8      0x43a ./system/src/cortexm/exception_handlers.o
 .debug_loc     0x00001a32       0xff ./system/src/cmsis/system_stm32f30x.o
 .debug_loc     0x00001b31       0x42 ./src/main.o
 .debug_loc     0x00001b73       0x76 /home/bilal/Desktop/Embedded_Projects/Libraries/newstuff/libopencm3/lib/libopencm3_stm32f3.a(gpio_common_all.o)
 .debug_loc     0x00001be9      0x10b /home/bilal/Desktop/Embedded_Projects/Libraries/newstuff/libopencm3/lib/libopencm3_stm32f3.a(gpio_common_f0234.o)
 .debug_loc     0x00001cf4      0x518 /home/bilal/Desktop/Embedded_Projects/Libraries/newstuff/libopencm3/lib/libopencm3_stm32f3.a(timer_common_all.o)
 .debug_loc     0x0000220c      0x1a5 /home/bilal/Desktop/Embedded_Projects/Libraries/newstuff/libopencm3/lib/libopencm3_stm32f3.a(exti_common_all.o)
 .debug_loc     0x000023b1      0x14a /home/bilal/Desktop/Embedded_Projects/Libraries/newstuff/libopencm3/lib/libopencm3_stm32f3.a(rcc_common_all.o)
 .debug_loc     0x000024fb      0x142 /home/bilal/Desktop/Embedded_Projects/Libraries/newstuff/libopencm3/lib/libopencm3_stm32f3.a(nvic.o)

.debug_macinfo
 *(.debug_macinfo)

.debug_weaknames
 *(.debug_weaknames)

.debug_funcnames
 *(.debug_funcnames)

.debug_typenames
 *(.debug_typenames)

.debug_varnames
 *(.debug_varnames)
OUTPUT(PWM_test.elf elf32-littlearm)

.debug_ranges   0x00000000      0x6b0
 .debug_ranges  0x00000000       0x10 ./system/src/newlib/_sbrk.o
 .debug_ranges  0x00000010       0x30 ./system/src/newlib/_startup.o
 .debug_ranges  0x00000040      0x148 ./system/src/newlib/_syscalls.o
 .debug_ranges  0x00000188       0x28 ./system/src/diag/Trace.o
 .debug_ranges  0x000001b0       0x38 ./system/src/diag/trace_impl.o
 .debug_ranges  0x000001e8       0x18 ./system/src/cortexm/_initialize_hardware.o
 .debug_ranges  0x00000200       0x98 ./system/src/cortexm/exception_handlers.o
 .debug_ranges  0x00000298       0x20 ./system/src/cmsis/system_stm32f30x.o
 .debug_ranges  0x000002b8       0x10 ./system/src/cmsis/vectors_stm32f30x.o
 .debug_ranges  0x000002c8       0x40 ./src/main.o
 .debug_ranges  0x00000308       0x40 /home/bilal/Desktop/Embedded_Projects/Libraries/newstuff/libopencm3/lib/libopencm3_stm32f3.a(gpio_common_all.o)
 .debug_ranges  0x00000348       0x20 /home/bilal/Desktop/Embedded_Projects/Libraries/newstuff/libopencm3/lib/libopencm3_stm32f3.a(gpio_common_f0234.o)
 .debug_ranges  0x00000368      0x268 /home/bilal/Desktop/Embedded_Projects/Libraries/newstuff/libopencm3/lib/libopencm3_stm32f3.a(timer_common_all.o)
 .debug_ranges  0x000005d0       0x38 /home/bilal/Desktop/Embedded_Projects/Libraries/newstuff/libopencm3/lib/libopencm3_stm32f3.a(exti_common_all.o)
 .debug_ranges  0x00000608       0x58 /home/bilal/Desktop/Embedded_Projects/Libraries/newstuff/libopencm3/lib/libopencm3_stm32f3.a(rcc_common_all.o)
 .debug_ranges  0x00000660       0x50 /home/bilal/Desktop/Embedded_Projects/Libraries/newstuff/libopencm3/lib/libopencm3_stm32f3.a(nvic.o)

.debug_macro    0x00000000     0x6159
 .debug_macro   0x00000000      0x151 ./system/src/newlib/_sbrk.o
 .debug_macro   0x00000151      0x174 ./system/src/newlib/_sbrk.o
 .debug_macro   0x000002c5       0x10 ./system/src/newlib/_sbrk.o
 .debug_macro   0x000002d5      0x23b ./system/src/newlib/_sbrk.o
 .debug_macro   0x00000510      0x170 ./system/src/newlib/_startup.o
 .debug_macro   0x00000680      0x8b0 ./system/src/newlib/_startup.o
 .debug_macro   0x00000f30       0x52 ./system/src/newlib/_startup.o
 .debug_macro   0x00000f82      0x2b8 ./system/src/newlib/_syscalls.o
 .debug_macro   0x0000123a       0x10 ./system/src/newlib/_syscalls.o
 .debug_macro   0x0000124a       0x10 ./system/src/newlib/_syscalls.o
 .debug_macro   0x0000125a       0x10 ./system/src/newlib/_syscalls.o
 .debug_macro   0x0000126a       0x35 ./system/src/newlib/_syscalls.o
 .debug_macro   0x0000129f      0x122 ./system/src/newlib/_syscalls.o
 .debug_macro   0x000013c1      0x1da ./system/src/newlib/_syscalls.o
 .debug_macro   0x0000159b       0x10 ./system/src/newlib/_syscalls.o
 .debug_macro   0x000015ab       0x1c ./system/src/newlib/_syscalls.o
 .debug_macro   0x000015c7       0x10 ./system/src/newlib/_syscalls.o
 .debug_macro   0x000015d7       0x16 ./system/src/newlib/_syscalls.o
 .debug_macro   0x000015ed      0x189 ./system/src/newlib/_syscalls.o
 .debug_macro   0x00001776       0x16 ./system/src/newlib/_syscalls.o
 .debug_macro   0x0000178c       0x88 ./system/src/newlib/_syscalls.o
 .debug_macro   0x00001814      0x241 ./system/src/newlib/_syscalls.o
 .debug_macro   0x00001a55       0x16 ./system/src/newlib/_syscalls.o
 .debug_macro   0x00001a6b       0x3a ./system/src/newlib/_syscalls.o
 .debug_macro   0x00001aa5       0xac ./system/src/newlib/_syscalls.o
 .debug_macro   0x00001b51      0x159 ./system/src/newlib/_syscalls.o
 .debug_macro   0x00001caa       0x16 ./system/src/newlib/_syscalls.o
 .debug_macro   0x00001cc0       0x22 ./system/src/newlib/_syscalls.o
 .debug_macro   0x00001ce2      0x1c9 ./system/src/diag/Trace.o
 .debug_macro   0x00001eab       0x16 ./system/src/diag/Trace.o
 .debug_macro   0x00001ec1       0x97 ./system/src/diag/Trace.o
 .debug_macro   0x00001f58       0xfd ./system/src/diag/Trace.o
 .debug_macro   0x00002055       0x52 ./system/src/diag/Trace.o
 .debug_macro   0x000020a7      0x2d8 ./system/src/diag/trace_impl.o
 .debug_macro   0x0000237f       0x10 ./system/src/diag/trace_impl.o
 .debug_macro   0x0000238f       0xcf ./system/src/diag/trace_impl.o
 .debug_macro   0x0000245e       0xbe ./system/src/diag/trace_impl.o
 .debug_macro   0x0000251c      0x1ab ./system/src/cortexm/_initialize_hardware.o
 .debug_macro   0x000026c7      0x323 ./system/src/cortexm/exception_handlers.o
 .debug_macro   0x000029ea       0x3b ./system/src/cortexm/exception_handlers.o
 .debug_macro   0x00002a25       0x10 ./system/src/cortexm/exception_handlers.o
 .debug_macro   0x00002a35      0x1a7 ./system/src/cmsis/system_stm32f30x.o
 .debug_macro   0x00002bdc       0x73 ./system/src/cmsis/vectors_stm32f30x.o
 .debug_macro   0x00002c4f      0x2d4 ./src/main.o
 .debug_macro   0x00002f23       0x22 ./src/main.o
 .debug_macro   0x00002f45       0xfa ./src/main.o
 .debug_macro   0x0000303f       0x58 ./src/main.o
 .debug_macro   0x00003097      0x18a ./src/main.o
 .debug_macro   0x00003221      0x742 ./src/main.o
 .debug_macro   0x00003963       0x76 ./src/main.o
 .debug_macro   0x000039d9      0x2e6 ./src/main.o
 .debug_macro   0x00003cbf      0xf6b ./src/main.o
 .debug_macro   0x00004c2a       0x52 ./src/main.o
 .debug_macro   0x00004c7c       0x6a ./src/main.o
 .debug_macro   0x00004ce6      0x1f0 ./src/main.o
 .debug_macro   0x00004ed6      0x112 ./src/main.o
 .debug_macro   0x00004fe8       0x28 ./src/main.o
 .debug_macro   0x00005010       0xa2 /home/bilal/Desktop/Embedded_Projects/Libraries/newstuff/libopencm3/lib/libopencm3_stm32f3.a(gpio_common_all.o)
 .debug_macro   0x000050b2      0x856 /home/bilal/Desktop/Embedded_Projects/Libraries/newstuff/libopencm3/lib/libopencm3_stm32f3.a(gpio_common_all.o)
 .debug_macro   0x00005908       0x16 /home/bilal/Desktop/Embedded_Projects/Libraries/newstuff/libopencm3/lib/libopencm3_stm32f3.a(gpio_common_all.o)
 .debug_macro   0x0000591e       0x44 /home/bilal/Desktop/Embedded_Projects/Libraries/newstuff/libopencm3/lib/libopencm3_stm32f3.a(gpio_common_all.o)
 .debug_macro   0x00005962      0x209 /home/bilal/Desktop/Embedded_Projects/Libraries/newstuff/libopencm3/lib/libopencm3_stm32f3.a(gpio_common_all.o)
 .debug_macro   0x00005b6b       0x22 /home/bilal/Desktop/Embedded_Projects/Libraries/newstuff/libopencm3/lib/libopencm3_stm32f3.a(gpio_common_all.o)
 .debug_macro   0x00005b8d       0xa2 /home/bilal/Desktop/Embedded_Projects/Libraries/newstuff/libopencm3/lib/libopencm3_stm32f3.a(gpio_common_f0234.o)
 .debug_macro   0x00005c2f       0xc6 /home/bilal/Desktop/Embedded_Projects/Libraries/newstuff/libopencm3/lib/libopencm3_stm32f3.a(timer_common_all.o)
 .debug_macro   0x00005cf5       0xd5 /home/bilal/Desktop/Embedded_Projects/Libraries/newstuff/libopencm3/lib/libopencm3_stm32f3.a(exti_common_all.o)
 .debug_macro   0x00005dca       0x3a /home/bilal/Desktop/Embedded_Projects/Libraries/newstuff/libopencm3/lib/libopencm3_stm32f3.a(exti_common_all.o)
 .debug_macro   0x00005e04       0xae /home/bilal/Desktop/Embedded_Projects/Libraries/newstuff/libopencm3/lib/libopencm3_stm32f3.a(rcc_common_all.o)
 .debug_macro   0x00005eb2       0x93 /home/bilal/Desktop/Embedded_Projects/Libraries/newstuff/libopencm3/lib/libopencm3_stm32f3.a(nvic.o)
 .debug_macro   0x00005f45       0x64 /home/bilal/Desktop/Embedded_Projects/Libraries/newstuff/libopencm3/lib/libopencm3_stm32f3.a(nvic.o)
 .debug_macro   0x00005fa9      0x1b0 /home/bilal/Desktop/Embedded_Projects/Libraries/newstuff/libopencm3/lib/libopencm3_stm32f3.a(nvic.o)
